// Jest Snapshot v1, https://goo.gl/fbAQLP

exports[`FlightCard should match snapshot 1`] = `
<a
  className="flightCard"
  href="/location"
>
  <p
    className="title"
  >
    London Stansted to Split
  </p>
  <p
    className="time"
  >
    6h 9m
  </p>
  <p
    className="price"
  >
    Â£41
  </p>
</a>
`;
